[cannabisconnection.ca/index.html]
[backblue.gif]
[fade.gif]
[index.html]
[cannabisconnection.ca/wp-content/uploads/2024/12/Cannabis-Connection-2-1024x684.png]
[cannabisconnection.ca/wp-json/oembed/1.0/embed4b3c.json]
[cannabisconnection.ca/feed/index.html]
[cannabisconnection.ca/wp-json/oembed/1.0/embed741c]
[cannabisconnection.ca/wp-content/plugins/age-gate/dist/mainf3df.css]
[cannabisconnection.ca/wp-content/plugins/schema-and-structured-data-for-wp/admin_section/css/saswp-style.min62b4.css]
[cannabisconnection.ca/wp-includes/css/dist/components/style.min4d80.css]
[cannabisconnection.ca/wp-content/mu-plugins/vendor/wpex/godaddy-launch/includes/Dependencies/GoDaddy/Styles/build/latest4c56.css]
[cannabisconnection.ca/wp-content/themes/orken/style4d80.css]
[cannabisconnection.ca/wp-content/uploads/elementor/css/custom-frontend.min7258.css]
[cannabisconnection.ca/wp-content/plugins/elementor/assets/css/widget-image.min6740.css]
[cannabisconnection.ca/wp-content/plugins/elementor/assets/lib/font-awesome/css/font-awesome.min1849.css]
[cannabisconnection.ca/wp-content/plugins/elementor/assets/css/widget-social-icons.min6740.css]
[cannabisconnection.ca/wp-content/uploads/elementor/css/custom-apple-webkit.min7258.css]
[cannabisconnection.ca/wp-content/plugins/elementor-pro/assets/css/conditionals/popup.minc8a6.css]
[cannabisconnection.ca/wp-content/plugins/elementor-pro/assets/css/modules/sticky.minc8a6.css]
[cannabisconnection.ca/wp-content/plugins/elementor/assets/css/widget-heading.min6740.css]
[cannabisconnection.ca/wp-content/uploads/elementor/css/custom-widget-icon-list.min7258.css]
[cannabisconnection.ca/wp-content/uploads/elementor/css/post-6304a494.css]
[cannabisconnection.ca/wp-content/uploads/elementor/css/neuron-frontenda494.css]
[cannabisconnection.ca/wp-content/plugins/neuron-builder/assets/fonts/n-icons/n-iconsf488.css]
[cannabisconnection.ca/wp-content/plugins/elementor/assets/lib/swiper/v8/css/swiper.min94a4.css]
[cannabisconnection.ca/wp-content/plugins/elementor/assets/css/conditionals/e-swiper.min6740.css]
[cannabisconnection.ca/wp-content/uploads/elementor/css/custom-widget-icon-box.min7258.css]
[cannabisconnection.ca/wp-content/plugins/elementor/assets/css/widget-counter.min6740.css]
[cannabisconnection.ca/wp-content/uploads/elementor/css/post-12952142.css]
[cannabisconnection.ca/wp-content/uploads/elementor/css/post-1300a494.css]
[cannabisconnection.ca/wp-content/uploads/elementor/css/post-6888ba49.css]
[cannabisconnection.ca/wp-content/uploads/elementor/css/post-7365ba49.css]
[cannabisconnection.ca/wp-content/uploads/elementor/google-fonts/css/figtreee015.css]
[cannabisconnection.ca/wp-includes/js/jquery/jquery.minf43b.js]
[cannabisconnection.ca/wp-includes/js/jquery/jquery-migrate.min5589.js]
[cannabisconnection.ca/wp-json/index.html]
[cannabisconnection.ca/xmlrpc0db0.php]
[cannabisconnection.ca/wp-json/wp/v2/pages/1295.json]
[cannabisconnection.ca/wp-content/uploads/2024/12/cropped-cannabisconnection-site-icon-32x32.png]
[cannabisconnection.ca/wp-content/uploads/2024/12/cropped-cannabisconnection-site-icon-192x192.png]
[cannabisconnection.ca/wp-content/uploads/2024/12/cropped-cannabisconnection-site-icon-180x180.png]
[cannabisconnection.ca/wp-content/uploads/2025/03/cannabisconnection-logo-site-final.png]
[cannabisconnection.ca/wp-content/uploads/elementor/css/post-15185892.css]
[cannabisconnection.ca/wp-content/uploads/elementor/css/post-3388a123.css]
[cannabisconnection.ca/wp-content/uploads/elementor/css/post-1736a123.css]
[cannabisconnection.ca/wp-content/plugins/age-gate/dist/allf3df.js]
[cannabisconnection.ca/wp-content/plugins/coblocks/dist/js/coblocks-animation12b2.js]
[cannabisconnection.ca/about-us/index.html]
[cannabisconnection.ca/wp-content/plugins/coblocks/dist/js/vendors/tiny-swiper12b2.js]
[cannabisconnection.ca/wp-content/plugins/coblocks/dist/js/coblocks-tinyswiper-initializer12b2.js]
[cannabisconnection.ca/wp-content/themes/orken/assets/scripts/orkenf269.js]
[cannabisconnection.ca/wp-content/plugins/elementor/assets/js/webpack.runtime.min6740.js]
[cannabisconnection.ca/wp-content/plugins/elementor/assets/js/frontend-modules.min6740.js]
[cannabisconnection.ca/locations/index.html]
[cannabisconnection.ca/wp-includes/js/jquery/ui/core.minb37e.js]
[cannabisconnection.ca/wp-content/plugins/elementor/assets/js/frontend.min6740.js]
[cannabisconnection.ca/wp-content/plugins/elementor-pro/assets/lib/sticky/jquery.sticky.minc8a6.js]
[cannabisconnection.ca/wp-content/plugins/elementor/assets/lib/jquery-numerator/jquery-numerator.min3958.js]
[cannabisconnection.ca/wp-content/plugins/page-links-to/dist/new-tab7433.js]
[cannabisconnection.ca/wp-content/plugins/age-gate/dist/age-gatef3df.js]
[cannabisconnection.ca/affiliates/index.html]
[cannabisconnection.ca/wp-includes/js/underscore.min3ab8.js]
[cannabisconnection.ca/wp-includes/js/wp-util.min4d80.js]
[cannabisconnection.ca/wp-content/plugins/neuron-builder/assets/js/stickyf488.js]
[cannabisconnection.ca/wp-content/plugins/neuron-builder/assets/js/frontendf488.js]
[cannabisconnection.ca/wp-content/plugins/neuron-builder/assets/js/elementsf488.js]
[cannabisconnection.ca/faq/index.html]
[cannabisconnection.ca/wp-content/plugins/elementor-pro/assets/js/webpack-pro.runtime.minc8a6.js]
[cannabisconnection.ca/wp-includes/js/dist/hooks.minaf5f.js]
[cannabisconnection.ca/wp-includes/js/dist/i18n.min1cde.js]
[cannabisconnection.ca/return-policy/index.html]
[cannabisconnection.ca/wp-content/plugins/elementor-pro/assets/js/frontend.minc8a6.js]
[cannabisconnection.ca/blog/index.html]
[cannabisconnection.ca/wp-content/plugins/elementor-pro/assets/js/elements-handlers.minc8a6.js]
[img1.wsimg.com/signals/js/clients/scc-c2/scc-c2.min.js]
[cannabisconnection.ca/gallery/index.html]
[img1.wsimg.com/signals/js/clients/tti/tti.min.js]
[cannabisconnection.ca/index.html]
[cannabisconnection.ca/wp-content/plugins/age-gate/dist/mainf3df.css]
[cannabisconnection.ca/wp-content/plugins/schema-and-structured-data-for-wp/admin_section/css/saswp-style.min62b4.css]
[cannabisconnection.ca/wp-includes/css/dist/components/style.min4d80.css]
[cannabisconnection.ca/wp-content/mu-plugins/vendor/wpex/godaddy-launch/includes/Dependencies/GoDaddy/Styles/build/latest4c56.css]
[cannabisconnection.ca/contact/index.html]
[cannabisconnection.ca/wp-content/themes/images/search-icon.svg]
[cannabisconnection.ca/wp-content/themes/images/plus-icon.svg]
[cannabisconnection.ca/wp-content/themes/images/close-icon.svg]
[cannabisconnection.ca/wp-content/themes/images/arrow-right-icon.svg]
[cannabisconnection.ca/wp-content/themes/orken/style4d80.css]
[cannabisconnection.ca/wp-content/uploads/elementor/css/custom-frontend.min7258.css]
[cannabisconnection.ca/wp-content/plugins/elementor/assets/css/widget-image.min6740.css]
[cannabisconnection.ca/wp-content/plugins/elementor/assets/lib/font-awesome/fonts/fontawesome-webfont3e6e.eot]
[cannabisconnection.ca/wp-content/plugins/elementor/assets/lib/font-awesome/fonts/fontawesome-webfont.eot]
[cannabisconnection.ca/wp-content/plugins/elementor/assets/lib/font-awesome/fonts/fontawesome-webfont3e6e.woff2]
[cannabisconnection.ca/wp-content/plugins/elementor/assets/lib/font-awesome/fonts/fontawesome-webfont3e6e.woff]
[cannabisconnection.ca/wp-content/plugins/elementor/assets/lib/font-awesome/fonts/fontawesome-webfont3e6e.ttf]
[cannabisconnection.ca/wp-content/plugins/elementor/assets/lib/font-awesome/css/font-awesome.min1849.css]
[cannabisconnection.ca/wp-content/plugins/elementor/assets/css/widget-social-icons.min6740.css]
[cannabisconnection.ca/wp-content/uploads/elementor/css/custom-apple-webkit.min7258.css]
[cannabisconnection.ca/wp-content/plugins/elementor-pro/assets/css/conditionals/popup.minc8a6.css]
[cannabisconnection.ca/wp-content/plugins/elementor-pro/assets/css/modules/sticky.minc8a6.css]
[cannabisconnection.ca/wp-content/plugins/elementor/assets/css/widget-heading.min6740.css]
[cannabisconnection.ca/wp-content/uploads/elementor/css/custom-widget-icon-list.min7258.css]
[cannabisconnection.ca/wp-content/uploads/elementor/css/post-6304a494.css]
[cannabisconnection.ca/wp-content/uploads/elementor/css/neuron-frontenda494.css]
[cannabisconnection.ca/wp-content/plugins/elementor/assets/lib/font-awesome/fonts/fontawesome-webfont3e6e.svg]
[cannabisconnection.ca/wp-content/plugins/neuron-builder/assets/fonts/n-icons/neuron-icons922a.eot]
[cannabisconnection.ca/wp-content/plugins/neuron-builder/assets/fonts/n-icons/neuron-icons922a.woff2]
[cannabisconnection.ca/wp-content/plugins/neuron-builder/assets/fonts/n-icons/neuron-icons922a.woff]
[cannabisconnection.ca/wp-content/plugins/neuron-builder/assets/fonts/n-icons/neuron-icons922a.ttf]
[cannabisconnection.ca/wp-content/plugins/neuron-builder/assets/fonts/n-icons/n-iconsf488.css]
[cannabisconnection.ca/wp-content/plugins/elementor/assets/lib/swiper/v8/css/swiper.min94a4.css]
[cannabisconnection.ca/wp-content/plugins/elementor/assets/css/conditionals/e-swiper.min6740.css]
[cannabisconnection.ca/wp-content/uploads/elementor/css/custom-widget-icon-box.min7258.css]
[cannabisconnection.ca/wp-content/plugins/elementor/assets/css/widget-counter.min6740.css]
[cannabisconnection.ca/wp-content/plugins/neuron-builder/assets/fonts/n-icons/neuron-icons922a.svg]
[cannabisconnection.ca/wp-content/uploads/2026/02/CC_Fleetwood-13.png]
[cannabisconnection.ca/wp-content/uploads/elementor/css/post-12952142.css]
[cannabisconnection.ca/wp-content/uploads/elementor/css/post-1300a494.css]
[cannabisconnection.ca/wp-content/uploads/elementor/css/post-6888ba49.css]
[cannabisconnection.ca/wp-content/uploads/elementor/css/post-7365ba49.css]
[cannabisconnection.ca/wp-content/uploads/elementor/google-fonts/fonts/figtree-xmu-huzqdcfdgfmm4gnaa5o_ik.woff2]
[cannabisconnection.ca/wp-content/uploads/elementor/google-fonts/fonts/figtree-xmu-huzqdcfdgfmm4gnd65o.woff2]
[cannabisconnection.ca/wp-content/uploads/elementor/google-fonts/fonts/figtree-xms-huzqdcfdgfmm4q9dbzs.woff2]
[cannabisconnection.ca/wp-content/uploads/elementor/google-fonts/fonts/figtree-xms-huzqdcfdgfmm4s9dq.woff2]
[cannabisconnection.ca/wp-content/uploads/elementor/google-fonts/css/figtreee015.css]
[cannabisconnection.ca/xmlrpc0db0.html]
[cannabisconnection.ca/wp-json/oembed/1.0/embed55f0.json]
[cannabisconnection.ca/wp-json/oembed/1.0/embedc5b5]
[cannabisconnection.ca/wp-content/plugins/elementor/assets/css/widget-spacer.min6740.css]
[cannabisconnection.ca/wp-content/uploads/elementor/css/post-7031b8b1.css]
[cannabisconnection.ca/wp-json/wp/v2/pages/7031.json]
[cannabisconnection.ca/about-us/index.html]
[static.elfsight.com/platform/platform.js]
[cannabisconnection.ca/wp-content/uploads/2023/12/cannabisconnection-locations-cannabis-connection-chilliwack-01-copy.png]
[cannabisconnection.ca/wp-json/oembed/1.0/embed5c8f.json]
[cannabisconnection.ca/wp-json/oembed/1.0/embed16a0]
[cannabisconnection.ca/wp-content/uploads/elementor/css/custom-widget-image-box.min7258.css]
[cannabisconnection.ca/wp-content/uploads/elementor/css/post-79851c41.css]
[cannabisconnection.ca/wp-json/wp/v2/pages/7985.json]
[cannabisconnection.ca/wp-content/uploads/2025/08/cannabisconnection-locations-cannabis-connection-fleetwood-01-copy.png]
[cannabisconnection.ca/wp-content/uploads/2025/08/cannabisconnection-locations-cannabis-connection-NEWTON-01-copy.png]
[cannabisconnection.ca/wp-content/uploads/2025/08/cannabisconnection-locations-cannabis-connection-abbotsford-01-copy.png]
[cannabisconnection.ca/wp-content/uploads/2023/12/cannabisconnection-locations-mission-cannabis-lougheed-03.png]
[cannabisconnection.ca/wp-content/uploads/2023/12/cannabisconnection-locations-mission-cannabis-tunbridge-02.png]
[cannabisconnection.ca/locations/index.html]
[cannabisconnection.ca/locations/cannabis-store-in-chilliwack-bc-chilliwack-proper/index.html]
[cannabisconnection.ca/locations/cannabis-store-surrey-bc-fleetwood/index.html]
[cannabisconnection.ca/wp-content/uploads/2024/10/cannabisconnection-affiliates-liquor-giant-chilliwack-01-copy.png]
[cannabisconnection.ca/locations/cannabis-store-surrey-bc-newton/index.html]
[cannabisconnection.ca/locations/cannabis-store-abbotsford-bc-clearbrook/index.html]
[cannabisconnection.ca/wp-json/oembed/1.0/embedb247.json]
[cannabisconnection.ca/wp-json/oembed/1.0/embedce3e]
[cannabisconnection.ca/wp-content/uploads/elementor/css/post-70412ae2.css]
[cannabisconnection.ca/wp-json/wp/v2/pages/7041.json]
[cannabisconnection.ca/wp-content/uploads/2024/10/cannabisconnection-affiliates-liquor-giant-abbotsford-01-copy.png]
[cannabisconnection.ca/wp-content/uploads/2024/10/cannabisconnection-affiliates-promontory-chilliwack-01-copy.png]
[cannabisconnection.ca/wp-content/uploads/2024/10/cannabisconnection-affiliates-liquor-giant-cedar-valley-mission-01-copy.png]
[cannabisconnection.ca/wp-content/uploads/2024/10/cannabisconnection-affiliates-dukes-pub-chilliwack-01-copy.png]
[cannabisconnection.ca/portfolio_category/bc-liquor-store/index.html]
[cannabisconnection.ca/wp-content/uploads/2024/10/cannabisconnection-affiliates-greendale-liquor-01-copy.png]
[cannabisconnection.ca/wp-includes/js/imagesloaded.minbb93.js]
[cannabisconnection.ca/wp-content/plugins/neuron-builder/assets/scripts/packeryf488.js]
[cannabisconnection.ca/affiliates/index.html]
[cannabisconnection.ca/wp-content/plugins/neuron-builder/assets/scripts/object-fitf488.js]
[cannabisconnection.ca/wp-json/oembed/1.0/embed2a50.json]
[cannabisconnection.ca/wp-json/oembed/1.0/embed8261]
[cannabisconnection.ca/wp-content/uploads/elementor/css/custom-widget-accordion.min7258.css]
[cannabisconnection.ca/wp-content/uploads/elementor/css/post-67793c56.css]
[cannabisconnection.ca/faq/index.html]
[cannabisconnection.ca/wp-json/wp/v2/pages/6779.json]
[cannabisconnection.ca/wp-json/oembed/1.0/embed73fa.json]
[cannabisconnection.ca/wp-json/oembed/1.0/embedbe23]
[cannabisconnection.ca/wp-content/uploads/elementor/css/post-7022c17b.css]
[cannabisconnection.ca/return-policy/index.html]
[cannabisconnection.ca/wp-json/wp/v2/pages/7022.json]
[cannabisconnection.ca/wp-content/uploads/2025/01/pexels-gabby-k-6621188-scaled.jpg]
[cannabisconnection.ca/wp-json/oembed/1.0/embed60ff.json]
[cannabisconnection.ca/wp-json/oembed/1.0/embedc4f6]
[cannabisconnection.ca/wp-content/uploads/elementor/css/post-6648be05.css]
[cannabisconnection.ca/wp-json/wp/v2/pages/6648.json]
[cannabisconnection.ca/wp-content/uploads/2026/02/IMG_0720-copy-scaled.png]
[cannabisconnection.ca/wp-content/uploads/2026/02/CC_Fleetwood-20.png]
[cannabisconnection.ca/wp-content/uploads/2026/02/CC_Fleetwood-4.png]
[cannabisconnection.ca/wp-content/uploads/2025/11/AdobeStock_92485314-scaled.jpg]
[cannabisconnection.ca/cannabis/indica-sativa-or-hybrid-how-surrey-cannabis-shoppers-can-decide/index.html]
[cannabisconnection.ca/wp-content/uploads/2024/10/IMG_2332-1-scaled.jpg]
[cannabisconnection.ca/wp-content/uploads/2025/10/AdobeStock_196994205-scaled.jpg]
[cannabisconnection.ca/wp-content/uploads/2024/12/Cannabis-Connection-7.png]
[cannabisconnection.ca/category/cannabis/index.html]
[cannabisconnection.ca/wp-content/uploads/2025/10/AdobeStock_218995808-scaled.jpg]
[cannabisconnection.ca/cannabis/cannabis-products-youll-find-at-surrey-cannabis-dispensary/index.html]
[cannabisconnection.ca/wp-content/uploads/2025/06/thumbnail-1.jpg]
[cannabisconnection.ca/blog/index.html]
[cannabisconnection.ca/cannabis/how-to-choose-quality-cannabis-products-a-trusted-guide-for-informed-consumers/index.html]
[cannabisconnection.ca/cannabis/buy-cannabis-pre-rolls-in-chilliwack/index.html]
[cannabisconnection.ca/cannabis/buy-cbd-in-chilliwack/index.html]
[cannabisconnection.ca/cannabis/cannabis-connections-surrey-cannabis-store-now-open/index.html]
[cannabisconnection.ca/wp-content/uploads/2024/12/Cannabis-Connection-2.png]
[cannabisconnection.ca/cannabis/an-update-on-product-availability-at-cannabis-connection/index.html]
[cannabisconnection.ca/beyond-thc-cannabinoids-that-could-change-your-wellness-game/index.html]
[cannabisconnection.ca/cannabis-cream-for-pain/index.html]
[cannabisconnection.ca/wp-json/oembed/1.0/embeda1c3.json]
[cannabisconnection.ca/wp-json/oembed/1.0/embed9e20]
[cannabisconnection.ca/wp-content/uploads/elementor/css/post-6697368a.css]
[cannabisconnection.ca/wp-json/wp/v2/pages/6697.json]
[cannabisconnection.ca/wp-content/uploads/2024/10/WhatsApp-Image-2024-10-23-at-6.05.02-PM.jpg]
[cannabisconnection.ca/wp-content/uploads/2024/12/Cannabis-Connection-3.png]
[cannabisconnection.ca/wp-content/uploads/2024/10/WhatsApp-Image-2024-10-24-at-3.19.31-PM.jpg]
[cannabisconnection.ca/wp-content/uploads/2024/12/Cannabis-Connection-1.png]
[cannabisconnection.ca/wp-content/uploads/2024/12/Cannabis-Connection-23.png]
[cannabisconnection.ca/wp-content/uploads/2024/12/Cannabis-Connection-21.png]
[cannabisconnection.ca/wp-content/uploads/2024/12/Cannabis-Connection-22.png]
[cannabisconnection.ca/wp-content/uploads/2024/12/Cannabis-Connection-8.png]
[cannabisconnection.ca/wp-content/uploads/2024/12/Cannabis-Connection-4.png]
[cannabisconnection.ca/wp-content/uploads/2024/12/Cannabis-Connection-5.png]
[cannabisconnection.ca/wp-content/uploads/2024/12/Cannabis-Connection-6.png]
[cannabisconnection.ca/wp-content/uploads/2024/12/Cannabis-Connection-10.png]
[cannabisconnection.ca/wp-content/uploads/2024/12/Cannabis-Connection-12.png]
[cannabisconnection.ca/wp-content/uploads/2024/12/Cannabis-Connection-13.png]
[cannabisconnection.ca/wp-content/uploads/2024/12/Cannabis-Connection-14.png]
[cannabisconnection.ca/wp-content/uploads/2024/12/Cannabis-Connection-15.png]
[cannabisconnection.ca/wp-content/uploads/2024/12/Cannabis-Connection-16.png]
[cannabisconnection.ca/wp-content/uploads/2024/12/Cannabis-Connection-17.png]
[cannabisconnection.ca/wp-content/uploads/2024/12/Cannabis-Connection-18.png]
[cannabisconnection.ca/wp-content/uploads/2024/12/Cannabis-Connection-19.png]
[cannabisconnection.ca/wp-content/uploads/2024/12/Cannabis-Connection-24.png]
[cannabisconnection.ca/wp-content/uploads/2024/12/Cannabis-Connection-25.png]
[cannabisconnection.ca/wp-content/uploads/2024/12/Cannabis-Connection-26.png]
[cannabisconnection.ca/wp-content/uploads/2024/12/Cannabis-Connection-27.png]
[cannabisconnection.ca/wp-content/uploads/2024/10/IMG_2203_PLATINUM_GRAPES-scaled.jpg]
[cannabisconnection.ca/wp-content/uploads/2024/12/Cannabis-Connection-20.png]
[cannabisconnection.ca/wp-content/uploads/2024/10/IMG_2175-scaled.jpg]
[cannabisconnection.ca/wp-content/uploads/2024/10/IMG_2178-scaled.jpg]
[cannabisconnection.ca/wp-content/uploads/2024/10/IMG_2179-scaled.jpg]
[cannabisconnection.ca/wp-content/uploads/2024/10/IMG_2211-scaled.jpg]
[cannabisconnection.ca/wp-content/uploads/2024/10/IMG_2236-scaled.jpg]
[cannabisconnection.ca/wp-content/uploads/2024/10/IMG_2277-scaled.jpg]
[cannabisconnection.ca/wp-content/uploads/2024/10/IMG_2273-scaled.jpg]
[cannabisconnection.ca/wp-content/uploads/2024/10/IMG_2278-scaled.jpg]
[cannabisconnection.ca/wp-content/uploads/2024/10/IMG_2308-scaled.jpg]
[cannabisconnection.ca/wp-content/uploads/2024/10/IMG_2321-scaled.jpg]
[cannabisconnection.ca/wp-content/uploads/2024/10/IMG_2335-scaled.jpg]
[cannabisconnection.ca/wp-content/uploads/2024/10/IMG_2244-scaled.jpg]
[cannabisconnection.ca/wp-content/uploads/2024/10/IMG_2262-scaled.jpg]
[cannabisconnection.ca/wp-content/uploads/2024/10/IMG_2174-scaled.jpg]
[cannabisconnection.ca/gallery/index.html]
[cannabisconnection.ca/wp-json/oembed/1.0/embedced8.json]
[cannabisconnection.ca/wp-json/oembed/1.0/embeda9eb]
[cannabisconnection.ca/wp-content/uploads/elementor/css/post-6708e880.css]
[cannabisconnection.ca/wp-json/wp/v2/pages/6708.json]
[cannabisconnection.ca/wp-includes/css/dashicons.min4d80.css]
[cannabisconnection.ca/wp-content/plugins/ninja-forms/assets/css/display-opinions-light4d80.css]
[cannabisconnection.ca/wp-content/plugins/ninja-forms/assets/css/font-awesome.min4d80.css]
[cannabisconnection.ca/wp-includes/js/backbone.minaff7.js]
[cannabisconnection.ca/wp-content/plugins/ninja-forms/assets/js/min/front-end-depsa1c3.js]
[cannabisconnection.ca/contact/index.html]
[cannabisconnection.ca/wp-content/plugins/ninja-forms/assets/js/min/front-enda1c3.js]
[cannabisconnection.ca/wp-content/uploads/2023/12/orken-pattern-background-image-scaled-1.jpg]
[cannabisconnection.ca/wp-content/uploads/elementor/css/post-15185892.css]
[cannabisconnection.ca/wp-content/uploads/elementor/css/post-3388a123.css]
[cannabisconnection.ca/wp-content/uploads/elementor/css/post-1736a123.css]
[cannabisconnection.ca/wp-content/themes/images/search-icon.html]
[cannabisconnection.ca/wp-content/themes/images/plus-icon.html]
[cannabisconnection.ca/wp-content/themes/images/close-icon.html]
[cannabisconnection.ca/wp-content/themes/images/arrow-right-icon.html]
[cannabisconnection.ca/wp-content/plugins/elementor/assets/lib/font-awesome/fonts/fontawesome-webfont3e6e.svg]
[cannabisconnection.ca/wp-content/plugins/neuron-builder/assets/fonts/n-icons/neuron-icons922a.svg]
[cannabisconnection.ca/wp-content/plugins/elementor/assets/css/widget-spacer.min6740.css]
[cannabisconnection.ca/wp-content/uploads/2024/10/WhatsApp-Image-2021-02-18-at-5.36.42-PM-1.jpg]
[cannabisconnection.ca/wp-content/uploads/elementor/css/post-7031b8b1.css]
[cannabisconnection.ca/wp-content/uploads/2024/10/Mission-Cannabis-Cedar-3-scaled.jpg]
[cannabisconnection.ca/indexf794.html]
[cannabisconnection.ca/wp-content/uploads/elementor/css/custom-widget-image-box.min7258.css]
[cannabisconnection.ca/wp-content/uploads/elementor/css/post-79851c41.css]
[cannabisconnection.ca/indexf7cf.html]
[cannabisconnection.ca/wp-json/oembed/1.0/embedd260.json]
[cannabisconnection.ca/wp-json/oembed/1.0/embedf906]
[cannabisconnection.ca/wp-content/uploads/elementor/css/post-7976dc33.css]
[cannabisconnection.ca/wp-json/wp/v2/pages/7976.json]
[cannabisconnection.ca/locations/cannabis-store-in-chilliwack-bc-chilliwack-proper/index.html]
[elfsightcdn.com/platform.js]
[cannabisconnection.ca/wp-json/oembed/1.0/embed81ff.json]
[cannabisconnection.ca/wp-json/oembed/1.0/embed5de8]
[cannabisconnection.ca/wp-content/plugins/elementor/assets/css/widget-video.min6740.css]
[cannabisconnection.ca/wp-content/plugins/elementor-pro/assets/css/widget-gallery.minc8a6.css]
[cannabisconnection.ca/wp-content/plugins/elementor/assets/lib/e-gallery/css/e-gallery.min7359.css]
[cannabisconnection.ca/wp-content/plugins/elementor-pro/assets/css/conditionals/transitions.minc8a6.css]
[cannabisconnection.ca/wp-content/uploads/elementor/css/post-79269948.css]
[cannabisconnection.ca/wp-json/wp/v2/pages/7926.json]
[cannabisconnection.ca/wp-content/uploads/2024/12/CC-Ad-Short-music-only-.mp4]
[cannabisconnection.ca/wp-content/uploads/2026/02/IMG_0702-copy-scaled.png]
[cannabisconnection.ca/wp-content/uploads/2026/02/IMG_0732-copy-scaled.png]
[cannabisconnection.ca/wp-content/uploads/2026/02/IMG_0719-copy-scaled.png]
[cannabisconnection.ca/wp-content/uploads/2026/02/IMG_0688-copy-scaled.png]
[cannabisconnection.ca/wp-content/uploads/2026/02/IMG_0731-copy-scaled.png]
[cannabisconnection.ca/wp-content/uploads/2026/02/IMG_0695-copy-scaled.png]
[cannabisconnection.ca/wp-content/uploads/2026/02/IMG_0730-copy-scaled.png]
[cannabisconnection.ca/wp-content/uploads/2026/02/IMG_0693-copy-scaled.png]
[cannabisconnection.ca/wp-content/uploads/2026/02/IMG_0718-copy-scaled.png]
[cannabisconnection.ca/wp-content/uploads/2026/02/IMG_0722-copy-scaled.png]
[cannabisconnection.ca/wp-content/uploads/2026/02/IMG_0721-copy-1-scaled.png]
[cdn.trustindex.io/loadercc62.js]
[cannabisconnection.ca/wp-content/plugins/elementor/assets/lib/swiper/v8/swiper.min94a4.js]
[cannabisconnection.ca/locations/cannabis-store-surrey-bc-fleetwood/index.html]
[cannabisconnection.ca/wp-content/plugins/elementor/assets/lib/e-gallery/js/e-gallery.min7359.js]
[cannabisconnection.ca/wp-json/oembed/1.0/embed6347.json]
[cannabisconnection.ca/wp-json/oembed/1.0/embedcd67]
[cannabisconnection.ca/wp-content/uploads/elementor/css/post-79617cf8.css]
[cannabisconnection.ca/locations/cannabis-store-surrey-bc-newton/index.html]
[cannabisconnection.ca/wp-json/wp/v2/pages/7961.json]
[cannabisconnection.ca/wp-json/oembed/1.0/embed0733.json]
[cannabisconnection.ca/wp-json/oembed/1.0/embed7f7e]
[cannabisconnection.ca/wp-content/uploads/elementor/css/post-79532a85.css]
[cannabisconnection.ca/locations/cannabis-store-abbotsford-bc-clearbrook/index.html]
[cannabisconnection.ca/wp-content/uploads/elementor/css/post-70412ae2.css]
[cannabisconnection.ca/index2ccf.html]
[cannabisconnection.ca/wp-json/wp/v2/pages/7953.json]
[cannabisconnection.ca/wp-content/plugins/coblocks/dist/style-coblocks-112b2.css]
[cannabisconnection.ca/wp-content/plugins/coblocks/dist/style-coblocks-extensions12b2.css]
[cannabisconnection.ca/wp-content/plugins/coblocks/dist/style-coblocks-animation5ca0.css]
[cannabisconnection.ca/wp-content/uploads/elementor/css/post-2220fb5a.css]
[cannabisconnection.ca/wp-json/wp/v2/portfolio_category/33.json]
[cannabisconnection.ca/wp-content/uploads/2023/11/portfolio-single-4-image-3.jpg]
[cannabisconnection.ca/wp-content/uploads/2023/11/portfolio-single-4-image-2.jpg]
[cannabisconnection.ca/wp-content/uploads/2023/11/portfolio-single-4-image-1.jpg]
[cannabisconnection.ca/portfolio_category/bc-liquor-store/index.html]
[cannabisconnection.ca/wp-content/uploads/elementor/css/custom-widget-accordion.min7258.css]
[cannabisconnection.ca/wp-content/uploads/elementor/css/post-67793c56.css]
[cannabisconnection.ca/category/cannabis-products/index.html]
[cannabisconnection.ca/category/general/contests/index.html]
[cannabisconnection.ca/index32be.html]
[cannabisconnection.ca/category/products/cbd/index.html]
[cannabisconnection.ca/category/general/index.html]
[cannabisconnection.ca/wp-content/uploads/elementor/css/post-7022c17b.css]
[cannabisconnection.ca/category/general/health-nutrition/index.html]
[cannabisconnection.ca/category/products/hemp/index.html]
[cannabisconnection.ca/index9588.html]
[cannabisconnection.ca/category/products/pre-rolls/index.html]
[cannabisconnection.ca/category/cannabis/surrey/index.html]
[cannabisconnection.ca/wp-content/uploads/elementor/css/post-6648be05.css]
[cannabisconnection.ca/tag/cannabis-connection-chilliwack/index.html]
[cannabisconnection.ca/portfolio_category/bc-liquor-store/feed/index.html]
[cannabisconnection.ca/tag/cannabis-dispensary-chilliwack/index.html]
[cannabisconnection.ca/indexf39e.html]
[cannabisconnection.ca/tag/buy-cannabis-in-chilliwack/index.html]
[cannabisconnection.ca/tag/cannabis-flower-experience-chilliwack/index.html]
[cannabisconnection.ca/wp-content/uploads/2026/02/IMG_0720-copy-768x1024.png]
[cannabisconnection.ca/tag/cannabis-shop-near-me/index.html]
[cannabisconnection.ca/tag/chilliwack-cannabis-flower/index.html]
[cannabisconnection.ca/tag/chilliwack-cannabis/index.html]
[cannabisconnection.ca/wp-json/oembed/1.0/embeda421.json]
[cannabisconnection.ca/tag/interactive-cannabis-shopping-experience/index.html]
[cannabisconnection.ca/tag/premium-cannabis-flower-chilliwack/index.html]
[cannabisconnection.ca/tag/premium-cannabis-products/index.html]
[cannabisconnection.ca/wp-json/oembed/1.0/embed6037]
[cannabisconnection.ca/wp-includes/css/dist/block-library/style.min4d80.css]
[cannabisconnection.ca/wp-content/uploads/elementor/css/post-1940ba49.css]
[cannabisconnection.ca/wp-json/wp/v2/posts/8291.json]
[cannabisconnection.ca/cannabis/indica-sativa-or-hybrid-how-surrey-cannabis-shoppers-can-decide/index.html]
[cannabisconnection.ca/wp-content/plugins/neuron-builder/assets/js/social-sharef488.js]
[cannabisconnection.ca/wp-json/wp/v2/categories/32.json]
[cannabisconnection.ca/wp-content/uploads/2025/05/pexels-olly-3673941-scaled.jpg]
[cannabisconnection.ca/tag/best-cannabis-strains-surrey/index.html]
[cannabisconnection.ca/wp-content/uploads/2025/05/thumbnail-2.jpg]
[cannabisconnection.ca/tag/cannabis-in-surrey/index.html]
[cannabisconnection.ca/wp-content/uploads/2025/05/thumbnail-1.jpg]
[cannabisconnection.ca/category/cannabis/index.html]
[cannabisconnection.ca/tag/cannabis-strains/index.html]
[cannabisconnection.ca/tag/dispensary-in-surrey/index.html]
[cannabisconnection.ca/tag/surrey-cannabis/index.html]
[cannabisconnection.ca/wp-content/uploads/2026/02/CC_Fleetwood-20-1024x684.png]
[cannabisconnection.ca/category/cannabis/page/2/index.html]
[cannabisconnection.ca/cannabis/how-cbd-can-help-with-sleep/index.html]
[cannabisconnection.ca/category/cannabis/feed/index.html]
[cannabisconnection.ca/wp-json/oembed/1.0/embedf706.json]
[cannabisconnection.ca/cannabis/what-are-terpenes-in-weed/index.html]
[cannabisconnection.ca/cannabis/cbd-vs-thc-for-anxiety/index.html]
[cannabisconnection.ca/category/cannabis/page/3/index.html]
[cannabisconnection.ca/wp-json/oembed/1.0/embed23af]
[cannabisconnection.ca/cannabis/cannabis-products-youll-find-at-surrey-cannabis-dispensary/index.html]
[cannabisconnection.ca/wp-json/wp/v2/posts/8279.json]
[cannabisconnection.ca/tag/cannabis-for-sale-in-surrey/index.html]
[cannabisconnection.ca/tag/cannabis-delivery-surrey/index.html]
[cannabisconnection.ca/wp-content/uploads/2026/02/CC_Fleetwood-4-1024x684.png]
[cannabisconnection.ca/tag/cannabis-dispensary-surrey/index.html]
[cannabisconnection.ca/tag/cannabis-store-in-surrey/index.html]
[cannabisconnection.ca/tag/cannabis-store-near-me/index.html]
[cannabisconnection.ca/tag/cannabis-store-near-you/index.html]
[cannabisconnection.ca/wp-json/oembed/1.0/embedf54e.json]
[cannabisconnection.ca/wp-json/oembed/1.0/embed72c8]
[cannabisconnection.ca/wp-json/wp/v2/posts/8277.json]
[cannabisconnection.ca/cannabis/cannabis-connections-surrey-cannabis-store-now-open/index.html]
[cannabisconnection.ca/wp-json/oembed/1.0/embed21db.json]
[cannabisconnection.ca/wp-json/oembed/1.0/embed8a56]
[cannabisconnection.ca/cannabis/how-to-choose-quality-cannabis-products-a-trusted-guide-for-informed-consumers/index.html]
[cannabisconnection.ca/wp-json/wp/v2/posts/7911.json]
[cannabisconnection.ca/wp-json/oembed/1.0/embed2446.json]
[cannabisconnection.ca/wp-json/oembed/1.0/embedfe6c]
[cannabisconnection.ca/cannabis/buy-cannabis-pre-rolls-in-chilliwack/index.html]
[cannabisconnection.ca/wp-json/wp/v2/posts/7905.json]
[cannabisconnection.ca/tag/buy-cannabis-pre-rolls-in-chilliwack/index.html]
[cannabisconnection.ca/tag/buy-weed-chilliwack/index.html]
[cannabisconnection.ca/wp-json/oembed/1.0/embed84a8.json]
[cannabisconnection.ca/tag/cannabis-connection-chilliwack-cannabis-dispens/index.html]
[cannabisconnection.ca/tag/cannabis-products-chilliwack/index.html]
[cannabisconnection.ca/wp-json/oembed/1.0/embeda02b]
[cannabisconnection.ca/tag/cannabis-store-chilliwack/index.html]
[cannabisconnection.ca/cannabis/buy-cbd-in-chilliwack/index.html]
[cannabisconnection.ca/wp-json/wp/v2/posts/7861.json]
[cannabisconnection.ca/tag/pre-rolls-bc/index.html]
[cannabisconnection.ca/wp-content/uploads/2024/12/Cannabis-Connection-7-1024x684.png]
[cannabisconnection.ca/wp-json/oembed/1.0/embed1f5b.json]
[cannabisconnection.ca/wp-json/oembed/1.0/embeddb68]
[cannabisconnection.ca/cannabis/an-update-on-product-availability-at-cannabis-connection/index.html]
[cannabisconnection.ca/beyond-thc-cannabinoids-that-could-change-your-wellness-game/index.html]
[cannabisconnection.ca/cannabis-cream-for-pain/index.html]
[cannabisconnection.ca/wp-content/uploads/elementor/css/post-6697368a.css]
[cannabisconnection.ca/indexb27a.html]
[cannabisconnection.ca/wp-content/uploads/elementor/css/post-6708e880.css]
[cannabisconnection.ca/indexf2f1.html]
[cannabisconnection.ca/wp-json/wp/v2/posts/7785.json]
[cannabisconnection.ca/wp-includes/fonts/dashicons7d4b.eot]
[cannabisconnection.ca/wp-includes/css/dashicons.min4d80.css]
[cannabisconnection.ca/wp-includes/fonts/dashicons7d4b.ttf]
[cannabisconnection.ca/wp-content/plugins/ninja-forms/assets/img/help-info.png]
[cannabisconnection.ca/wp-content/plugins/ninja-forms/assets/css/display-opinions-light4d80.css]
[cannabisconnection.ca/wp-content/plugins/ninja-forms/assets/fonts/fontawesome-webfont3295.eot]
[cannabisconnection.ca/wp-content/plugins/ninja-forms/assets/fonts/fontawesome-webfont.eot]
[cannabisconnection.ca/wp-content/plugins/ninja-forms/assets/fonts/fontawesome-webfont3295.woff2]
[cannabisconnection.ca/wp-content/plugins/ninja-forms/assets/fonts/fontawesome-webfont3295.woff]
[cannabisconnection.ca/wp-content/plugins/ninja-forms/assets/fonts/fontawesome-webfont3295.ttf]
[cannabisconnection.ca/wp-content/plugins/ninja-forms/assets/css/font-awesome.min4d80.css]
[cannabisconnection.ca/wp-content/uploads/elementor/css/post-7976dc33.css]
[cannabisconnection.ca/index6d2c.html]
[cannabisconnection.ca/wp-content/plugins/elementor/assets/css/widget-video.min6740.css]
[cannabisconnection.ca/wp-content/plugins/elementor-pro/assets/css/widget-gallery.minc8a6.css]
[cannabisconnection.ca/wp-content/plugins/elementor/assets/lib/e-gallery/css/e-gallery.min7359.css]
[cannabisconnection.ca/wp-content/plugins/elementor-pro/assets/css/conditionals/transitions.minc8a6.css]
[cannabisconnection.ca/wp-content/uploads/elementor/css/post-79269948.css]
[cannabisconnection.ca/index537b.html]
[cannabisconnection.ca/wp-content/uploads/elementor/css/post-79617cf8.css]
[cannabisconnection.ca/index8c7e.html]
[cannabisconnection.ca/wp-content/uploads/elementor/css/post-79532a85.css]
[cannabisconnection.ca/indexdfcf.html]
[cannabisconnection.ca/wp-content/plugins/coblocks/dist/style-coblocks-112b2.css]
[cannabisconnection.ca/wp-content/plugins/coblocks/dist/style-coblocks-extensions12b2.css]
[cannabisconnection.ca/wp-content/plugins/coblocks/dist/style-coblocks-animation5ca0.css]
[cannabisconnection.ca/wp-content/uploads/elementor/css/post-2220fb5a.css]
[cannabisconnection.ca/wp-content/plugins/ninja-forms/assets/fonts/fontawesome-webfont3295.svg]
[cannabisconnection.ca/category/cannabis-products/index.html]
[cannabisconnection.ca/wp-json/wp/v2/categories/84.json]
[cannabisconnection.ca/category/cannabis-products/feed/index.html]
[cannabisconnection.ca/category/products/cbd/index.html]
[cannabisconnection.ca/wp-json/wp/v2/categories/70.json]
[cannabisconnection.ca/category/products/cbd/feed/index.html]
[cannabisconnection.ca/wp-json/wp/v2/categories/45.json]
[cannabisconnection.ca/wp-content/uploads/2025/01/472771168_122130310052559465_1106105832926557799_n.jpg]
[cannabisconnection.ca/category/general/contests/feed/index.html]
[cannabisconnection.ca/category/products/index.html]
[cannabisconnection.ca/wp-content/uploads/2025/01/472371804_122129652848559465_681016102851239691_n.jpg]
[cannabisconnection.ca/category/general/contests/index.html]
[cannabisconnection.ca/general/contests/congratulations-to-our-grand-opening-giveaway-winners/index.html]
[cannabisconnection.ca/wp-json/wp/v2/categories/76.json]
[cannabisconnection.ca/general/contests/grand-opening-giveaway/index.html]
[cannabisconnection.ca/wp-content/uploads/2025/01/ms-hemp-hearts-ManitobaHarvest-e988c50fe3ac4fb09d25057d096f4f2f.jpg]
[cannabisconnection.ca/category/general/index.html]
[cannabisconnection.ca/category/general/feed/index.html]
[cannabisconnection.ca/category/general/health-nutrition/index.html]
[cannabisconnection.ca/wp-json/wp/v2/categories/60.json]
[cannabisconnection.ca/category/general/health-nutrition/feed/index.html]
[cannabisconnection.ca/products/hemp/the-ultimate-guide-to-hemp-products-in-chilliwack/index.html]
[cannabisconnection.ca/category/products/hemp/index.html]
[cannabisconnection.ca/wp-json/wp/v2/categories/59.json]
[cannabisconnection.ca/category/products/hemp/feed/index.html]
[cannabisconnection.ca/category/products/pre-rolls/index.html]
[cannabisconnection.ca/wp-json/wp/v2/categories/77.json]
[cannabisconnection.ca/category/products/pre-rolls/feed/index.html]
[cannabisconnection.ca/category/cannabis/surrey/index.html]
[cannabisconnection.ca/wp-json/wp/v2/categories/241.json]
[cannabisconnection.ca/category/cannabis/surrey/feed/index.html]
[cannabisconnection.ca/tag/buy-cannabis-in-chilliwack/index.html]
[cannabisconnection.ca/wp-json/wp/v2/tags/37.json]
[cannabisconnection.ca/tag/buy-cannabis-in-chilliwack/feed/index.html]
[cannabisconnection.ca/cannabis/discovering-the-best-chilliwack-cannabis-dispensary-your-guide-to-quality-and-variety/index.html]
[cannabisconnection.ca/wp-json/wp/v2/tags/38.json]
[cannabisconnection.ca/tag/cannabis-connection-chilliwack/index.html]
[cannabisconnection.ca/cannabis/discover-the-ultimate-cannabis-shopping-experience-at-cannabis-connection-in-chilliwack/index.html]
[cannabisconnection.ca/cannabis/the-best-cannabis-shopping-experience-in-chilliwack/index.html]
[cannabisconnection.ca/cannabis/cannabis-connections-commitment-to-education/index.html]
[cannabisconnection.ca/tag/cannabis-connection-chilliwack/feed/index.html]
[cannabisconnection.ca/tag/cannabis-dispensary-chilliwack/index.html]
[cannabisconnection.ca/wp-json/wp/v2/tags/36.json]
[cannabisconnection.ca/tag/cannabis-dispensary-chilliwack/feed/index.html]
[cannabisconnection.ca/tag/cannabis-flower-experience-chilliwack/index.html]
[cannabisconnection.ca/wp-json/wp/v2/tags/44.json]
[cannabisconnection.ca/cannabis/how-to-enhance-your-relaxation-routine-with-cannabis-connection-chilliwack/index.html]
[cannabisconnection.ca/tag/cannabis-flower-experience-chilliwack/feed/index.html]
[cannabisconnection.ca/cannabis/why-cannabis-connection-is-the-best-dispensary-in-chilliwack/index.html]
[cannabisconnection.ca/tag/cannabis-shop-near-me/index.html]
[cannabisconnection.ca/wp-json/wp/v2/tags/43.json]
[cannabisconnection.ca/tag/cannabis-shop-near-me/feed/index.html]
[cannabisconnection.ca/tag/chilliwack-cannabis/index.html]
[cannabisconnection.ca/wp-json/wp/v2/tags/49.json]
[cannabisconnection.ca/tag/chilliwack-cannabis/feed/index.html]
[cannabisconnection.ca/tag/chilliwack-cannabis-flower/index.html]
[cannabisconnection.ca/wp-json/wp/v2/tags/40.json]
[cannabisconnection.ca/tag/chilliwack-cannabis-flower/feed/index.html]
[cannabisconnection.ca/tag/interactive-cannabis-shopping-experience/index.html]
[cannabisconnection.ca/wp-json/wp/v2/tags/39.json]
[cannabisconnection.ca/tag/interactive-cannabis-shopping-experience/feed/index.html]
[cannabisconnection.ca/tag/premium-cannabis-flower-chilliwack/index.html]
[cannabisconnection.ca/wp-json/wp/v2/tags/42.json]
[cannabisconnection.ca/tag/premium-cannabis-flower-chilliwack/feed/index.html]
[cannabisconnection.ca/tag/premium-cannabis-products/index.html]
[cannabisconnection.ca/wp-includes/css/dist/block-library/style.min4d80.css]
[cannabisconnection.ca/wp-content/uploads/elementor/css/post-1940ba49.css]
[cannabisconnection.ca/index1899.html]
[cannabisconnection.ca/wp-json/wp/v2/tags/47.json]
[cannabisconnection.ca/tag/premium-cannabis-products/feed/index.html]
[cannabisconnection.ca/tag/best-cannabis-strains-surrey/index.html]
[cannabisconnection.ca/wp-json/wp/v2/tags/246.json]
[cannabisconnection.ca/tag/best-cannabis-strains-surrey/feed/index.html]
[cannabisconnection.ca/tag/cannabis-in-surrey/index.html]
[cannabisconnection.ca/wp-json/wp/v2/tags/243.json]
[cannabisconnection.ca/tag/cannabis-in-surrey/feed/index.html]
[cannabisconnection.ca/tag/cannabis-strains/index.html]
[cannabisconnection.ca/wp-json/wp/v2/tags/245.json]
[cannabisconnection.ca/tag/cannabis-strains/feed/index.html]
[cannabisconnection.ca/tag/dispensary-in-surrey/index.html]
[cannabisconnection.ca/wp-json/wp/v2/tags/244.json]
[cannabisconnection.ca/tag/dispensary-in-surrey/feed/index.html]
[cannabisconnection.ca/tag/surrey-cannabis/index.html]
[cannabisconnection.ca/wp-json/wp/v2/tags/242.json]
[cannabisconnection.ca/tag/surrey-cannabis/feed/index.html]
[cannabisconnection.ca/wp-content/uploads/2025/05/thumbnail.jpg]
[cannabisconnection.ca/wp-content/uploads/2024/10/IMG_2275-scaled.jpg]
[cannabisconnection.ca/wp-content/uploads/2024/10/IMG_2328-scaled.jpg]
[cannabisconnection.ca/category/cannabis/page/2/index.html]
[cannabisconnection.ca/cannabis/what-is-the-difference-between-indica-and-sativa/index.html]
[cannabisconnection.ca/cannabis/a-quick-guide-to-cannabis-pre-rolls-in-british-columbia/index.html]
[cannabisconnection.ca/cannabis/a-quick-guide-to-cannabis-edibles-in-british-columbia/index.html]
[cannabisconnection.ca/wp-json/oembed/1.0/embed960c.json]
[cannabisconnection.ca/cannabis/best-cannabis-strains-in-the-fraser-valley-a-quick-guide/index.html]
[cannabisconnection.ca/wp-json/oembed/1.0/embedc190]
[cannabisconnection.ca/cannabis/how-cbd-can-help-with-sleep/index.html]
[cannabisconnection.ca/wp-json/wp/v2/posts/7683.json]
[cannabisconnection.ca/wp-json/oembed/1.0/embed067a.json]
[cannabisconnection.ca/tag/buy-cbd-in-chilliwack/index.html]
[cannabisconnection.ca/tag/cannabis-near-me/index.html]
[cannabisconnection.ca/wp-json/oembed/1.0/embed912e]
[cannabisconnection.ca/tag/cbd-oil-chilliwack/index.html]
[cannabisconnection.ca/tag/chilliwack-cbd/index.html]
[cannabisconnection.ca/wp-json/wp/v2/posts/7667.json]
[cannabisconnection.ca/tag/chilliwack-dispensary/index.html]
[cdn.outrank.so/e67621da-5c92-4074-8e4c-66a93391a855/883787eb-aab7-44bd-acba-f74e26fbd95c.jpg]
[cdn.outrank.so/e67621da-5c92-4074-8e4c-66a93391a855/f61cbda9-cf9f-432b-a7bf-41270f892749.jpg]
[cdn.outrank.so/e67621da-5c92-4074-8e4c-66a93391a855/554f6588-1f2a-4c6d-bfe1-c8f3512a050c.jpg]
[cdn.outrank.so/e67621da-5c92-4074-8e4c-66a93391a855/f220a9e6-0e08-457f-9d05-b94267c98aa7.jpg]
[cannabisconnection.ca/cannabis/what-are-terpenes-in-weed/index.html]
[cannabisconnection.ca/wp-json/oembed/1.0/embeda385.json]
[cannabisconnection.ca/wp-json/oembed/1.0/embed8088]
[cannabisconnection.ca/wp-json/wp/v2/posts/7664.json]
[cdn.outrank.so/e67621da-5c92-4074-8e4c-66a93391a855/31c948d2-fea8-420d-9a94-6dc4d7321cbb.jpg]
[cdn.outrank.so/e67621da-5c92-4074-8e4c-66a93391a855/2dc982d7-97d2-48f3-ac11-81aa85d3c65d.jpg]
[cdn.outrank.so/e67621da-5c92-4074-8e4c-66a93391a855/4a068d71-8bc9-4efa-9308-ca5f29954676.jpg]
[cdn.outrank.so/e67621da-5c92-4074-8e4c-66a93391a855/a37540df-ac2b-4a09-8fef-69f4d22d3448.jpg]
[cannabisconnection.ca/cannabis/cbd-vs-thc-for-anxiety/index.html]
[cannabisconnection.ca/wp-content/uploads/2024/10/IMG_2195_TENZO_IC-scaled.jpg]
[cannabisconnection.ca/category/cannabis/page/3/index.html]
[cannabisconnection.ca/index7bb9.html]
[cannabisconnection.ca/wp-json/wp/v2/tags/89.json]
[cannabisconnection.ca/tag/cannabis-delivery-surrey/index.html]
[cannabisconnection.ca/cannabis/a-quick-guide-to-cannabis-infused-beverages-in-british-columbia/index.html]
[cannabisconnection.ca/tag/cannabis-delivery-surrey/feed/index.html]
[cannabisconnection.ca/cannabis/a-quick-guide-to-cannabis-infused-beverages-in-british-columbia-5/index.html]
[cannabisconnection.ca/tag/cannabis-dispensary-surrey/index.html]
[cannabisconnection.ca/wp-json/wp/v2/tags/85.json]
[cannabisconnection.ca/tag/cannabis-dispensary-surrey/feed/index.html]
[cannabisconnection.ca/tag/cannabis-for-sale-in-surrey/index.html]
[cannabisconnection.ca/wp-json/wp/v2/tags/88.json]
[cannabisconnection.ca/tag/cannabis-for-sale-in-surrey/feed/index.html]
[cannabisconnection.ca/tag/cannabis-store-in-surrey/index.html]
[cannabisconnection.ca/wp-json/wp/v2/tags/86.json]
[cannabisconnection.ca/tag/cannabis-store-in-surrey/feed/index.html]
[cannabisconnection.ca/tag/cannabis-store-near-me/index.html]
[cannabisconnection.ca/wp-json/wp/v2/tags/75.json]
[cannabisconnection.ca/tag/cannabis-store-near-me/feed/index.html]
[cannabisconnection.ca/tag/cannabis-store-near-you/index.html]
[cannabisconnection.ca/indexfca1.html]
[cannabisconnection.ca/index3b50.html]
[cannabisconnection.ca/indexe852.html]
[cannabisconnection.ca/wp-json/wp/v2/tags/87.json]
[cannabisconnection.ca/tag/cannabis-store-near-you/feed/index.html]
[cannabisconnection.ca/tag/buy-cannabis-pre-rolls-in-chilliwack/index.html]
[cannabisconnection.ca/wp-json/wp/v2/tags/78.json]
[cannabisconnection.ca/tag/buy-cannabis-pre-rolls-in-chilliwack/feed/index.html]
[cannabisconnection.ca/tag/buy-weed-chilliwack/index.html]
[cannabisconnection.ca/wp-json/wp/v2/tags/83.json]
[cannabisconnection.ca/tag/buy-weed-chilliwack/feed/index.html]
[cannabisconnection.ca/tag/cannabis-connection-chilliwack-cannabis-dispens/index.html]
[cannabisconnection.ca/wp-json/wp/v2/tags/35.json]
[cannabisconnection.ca/tag/cannabis-connection-chilliwack-cannabis-dispens/feed/index.html]
[cannabisconnection.ca/tag/cannabis-products-chilliwack/index.html]
[cannabisconnection.ca/wp-json/wp/v2/tags/81.json]
[cannabisconnection.ca/tag/cannabis-products-chilliwack/feed/index.html]
[cannabisconnection.ca/tag/cannabis-store-chilliwack/index.html]
[cannabisconnection.ca/wp-json/wp/v2/tags/79.json]
[cannabisconnection.ca/tag/cannabis-store-chilliwack/feed/index.html]
[cannabisconnection.ca/tag/pre-rolls-bc/index.html]
[cannabisconnection.ca/index7a01.html]
[cannabisconnection.ca/index3dca.html]
[cannabisconnection.ca/wp-content/plugins/ninja-forms/assets/fonts/fontawesome-webfont3295.svg]
[cannabisconnection.ca/wp-json/wp/v2/tags/80.json]
[cannabisconnection.ca/tag/pre-rolls-bc/feed/index.html]
[cannabisconnection.ca/category/products/index.html]
[cannabisconnection.ca/wp-json/wp/v2/categories/251.json]
[cannabisconnection.ca/category/products/feed/index.html]
[cannabisconnection.ca/wp-json/oembed/1.0/embedaa10.json]
[cannabisconnection.ca/wp-json/oembed/1.0/embeda6ba]
[cannabisconnection.ca/wp-content/uploads/elementor/css/custom-widget-image-gallery.min7258.css]
[cannabisconnection.ca/wp-content/uploads/elementor/css/post-74917814.css]
[cannabisconnection.ca/wp-json/wp/v2/posts/7491.json]
[cannabisconnection.ca/wp-content/uploads/2025/01/472913731_122130310124559465_4433780969426776065_n.jpg]
[cannabisconnection.ca/wp-content/uploads/2025/01/472930330_122130310088559465_297297787085710768_n.jpg]
[cannabisconnection.ca/wp-content/uploads/2025/01/472764945_122130310160559465_222687003096753645_n.jpg]
[cannabisconnection.ca/general/contests/congratulations-to-our-grand-opening-giveaway-winners/index.html]
[cannabisconnection.ca/wp-json/oembed/1.0/embed7275.json]
[cannabisconnection.ca/wp-json/oembed/1.0/embed9f0c]
[cannabisconnection.ca/wp-content/uploads/elementor/css/post-74732ea4.css]
[cannabisconnection.ca/wp-json/wp/v2/posts/7473.json]
[cannabisconnection.ca/wp-content/uploads/2025/01/472371804_122129652848559465_681016102851239691_n-819x1024.jpg]
[static.xx.fbcdn.net/images/emoji.php/v9/t2b/2/16/1f389.png]
[static.xx.fbcdn.net/images/emoji.php/v9/t75/2/16/2728.png]
[static.xx.fbcdn.net/images/emoji.php/v9/t3d/2/16/1f4d6.png]
[static.xx.fbcdn.net/images/emoji.php/v9/t2a/2/16/1f465.png]
[static.xx.fbcdn.net/images/emoji.php/v9/t48/2/16/1f3ec.png]
[static.xx.fbcdn.net/images/emoji.php/v9/t5d/2/16/1f3c6.png]
[static.xx.fbcdn.net/images/emoji.php/v9/ta0/2/16/1f3a7.png]
[static.xx.fbcdn.net/images/emoji.php/v9/t8e/2/16/1f9ca.png]
[static.xx.fbcdn.net/images/emoji.php/v9/t7b/2/16/231a.png]
[static.xx.fbcdn.net/images/emoji.php/v9/tf8/2/16/1f3d2.png]
[static.xx.fbcdn.net/images/emoji.php/v9/t8b/2/16/1f455.png]
[static.xx.fbcdn.net/images/emoji.php/v9/t96/2/16/1f36b.png]
[static.xx.fbcdn.net/images/emoji.php/v9/tce/2/16/1f3ae.png]
[cannabisconnection.ca/general/contests/grand-opening-giveaway/index.html]
[static.xx.fbcdn.net/images/emoji.php/v9/t1d/2/16/1f4c5.png]
[cannabisconnection.ca/wp-json/oembed/1.0/embed58a5.json]
[cannabisconnection.ca/wp-json/oembed/1.0/embedb9f6]
[cannabisconnection.ca/wp-content/uploads/elementor/css/post-7618adef.css]
[cannabisconnection.ca/products/hemp/the-ultimate-guide-to-hemp-products-in-chilliwack/index.html]
[cannabisconnection.ca/wp-json/wp/v2/posts/7618.json]
[cannabisconnection.ca/wp-content/uploads/2024/12/Cannabis-Connection-26-1024x684.png]
[cannabisconnection.ca/tag/chilliwack-hemp/index.html]
[cannabisconnection.ca/tag/hemp-food/index.html]
[cannabisconnection.ca/wp-json/oembed/1.0/embed8a8a.json]
[cannabisconnection.ca/tag/hemp-hearts-chilliwack/index.html]
[cannabisconnection.ca/tag/hemp-products-chilliwack/index.html]
[cannabisconnection.ca/wp-json/oembed/1.0/embedd07a]
[cannabisconnection.ca/tag/hemp-seed-oil-chilliwack/index.html]
[cannabisconnection.ca/tag/hemp-seeds-chilliwack/index.html]
[cannabisconnection.ca/cannabis/discovering-the-best-chilliwack-cannabis-dispensary-your-guide-to-quality-and-variety/index.html]
[cannabisconnection.ca/wp-json/wp/v2/posts/7625.json]
[cannabisconnection.ca/tag/hemp-skincare/index.html]
[cannabisconnection.ca/wp-content/uploads/2024/12/Cannabis-Connection-20-1024x684.png]
[cannabisconnection.ca/tag/best-dispensary-chilliwack/index.html]
[cannabisconnection.ca/wp-json/oembed/1.0/embedc5d6.json]
[cannabisconnection.ca/wp-json/oembed/1.0/embed6b24]
[cannabisconnection.ca/cannabis/the-best-cannabis-shopping-experience-in-chilliwack/index.html]
[cannabisconnection.ca/wp-json/wp/v2/posts/7596.json]
[cannabisconnection.ca/wp-content/uploads/2024/12/Cannabis-Connection-21-1024x684.png]
[cannabisconnection.ca/wp-json/oembed/1.0/embed7e89.json]
[cannabisconnection.ca/wp-json/oembed/1.0/embeddf43]
[cannabisconnection.ca/cannabis/cannabis-connections-commitment-to-education/index.html]
[cannabisconnection.ca/wp-json/wp/v2/posts/7460.json]
[cannabisconnection.ca/wp-content/uploads/2024/12/Cannabis-Connection-8-1024x684.png]
[cannabisconnection.ca/wp-json/oembed/1.0/embed627d.json]
[cannabisconnection.ca/tag/chilliwack-dispensary-cannabis-flower/index.html]
[cannabisconnection.ca/wp-json/oembed/1.0/embedef41]
[cannabisconnection.ca/cannabis/discover-the-ultimate-cannabis-shopping-experience-at-cannabis-connection-in-chilliwack/index.html]
[cannabisconnection.ca/wp-json/wp/v2/posts/7458.json]
[cannabisconnection.ca/wp-json/oembed/1.0/embed0ded.json]
[cannabisconnection.ca/wp-json/oembed/1.0/embed9e5a]
[cannabisconnection.ca/wp-content/uploads/elementor/css/post-7599e752.css]
[cannabisconnection.ca/cannabis/how-to-enhance-your-relaxation-routine-with-cannabis-connection-chilliwack/index.html]
[cannabisconnection.ca/wp-json/wp/v2/posts/7599.json]
[cannabisconnection.ca/tag/buy-cannabis-chilliwack/index.html]
[cannabisconnection.ca/wp-json/oembed/1.0/embedd48b.json]
[cannabisconnection.ca/tag/calming-cannabis-strains-chilliwack/index.html]
[cannabisconnection.ca/tag/cannabis-topicals-chilliwack/index.html]
[cannabisconnection.ca/wp-json/oembed/1.0/embedb0e8]
[cannabisconnection.ca/tag/cbd-oils-chilliwack/index.html]
[cannabisconnection.ca/tag/chilliwack-cannabis-self-care/index.html]
[cannabisconnection.ca/tag/chilliwack-cannabis-store/index.html]
[cannabisconnection.ca/wp-content/uploads/elementor/css/post-7575fd9a.css]
[cannabisconnection.ca/cannabis/why-cannabis-connection-is-the-best-dispensary-in-chilliwack/index.html]
[cannabisconnection.ca/wp-json/wp/v2/posts/7575.json]
[cannabisconnection.ca/wp-json/oembed/1.0/embed89cd.json]
[cannabisconnection.ca/tag/cannabis-connection/index.html]
[cannabisconnection.ca/tag/interactive-shopping-experience/index.html]
[cannabisconnection.ca/wp-json/oembed/1.0/embed9ddf]
[cannabisconnection.ca/wp-json/wp/v2/posts/7661.json]
[cdn.outrank.so/e67621da-5c92-4074-8e4c-66a93391a855/283b9fa3-c196-476b-85e2-60586ff98365.jpg]
[cdn.outrank.so/e67621da-5c92-4074-8e4c-66a93391a855/c50c9712-f906-49e5-beff-1ffec3228ae2.jpg]
[cdn.outrank.so/e67621da-5c92-4074-8e4c-66a93391a855/5976b75c-3b11-41ca-bf6b-962270033663.jpg]
[cdn.outrank.so/e67621da-5c92-4074-8e4c-66a93391a855/13ebaf95-3adf-40f9-9f01-9e7671bb7e9f.jpg]
[cannabisconnection.ca/cannabis/what-is-the-difference-between-indica-and-sativa/index.html]
[cannabisconnection.ca/wp-json/oembed/1.0/embed40ef.json]
[cannabisconnection.ca/wp-json/oembed/1.0/embed727b]
[cannabisconnection.ca/wp-content/uploads/elementor/css/post-6857377e.css]
[cannabisconnection.ca/cannabis/a-quick-guide-to-cannabis-pre-rolls-in-british-columbia/index.html]
[cannabisconnection.ca/wp-json/wp/v2/posts/6857.json]
[cannabisconnection.ca/wp-json/oembed/1.0/embedc41e.json]
[cannabisconnection.ca/wp-json/oembed/1.0/embedfa2f]
[cannabisconnection.ca/wp-content/uploads/elementor/css/post-6856f27a.css]
[cannabisconnection.ca/wp-json/wp/v2/posts/6856.json]
[cannabisconnection.ca/wp-content/uploads/2024/10/IMG_2294-scaled.jpg]
[cannabisconnection.ca/cannabis/a-quick-guide-to-cannabis-edibles-in-british-columbia/index.html]
[cannabisconnection.ca/wp-json/oembed/1.0/embedb3a8.json]
[cannabisconnection.ca/wp-json/oembed/1.0/embed1b40]
[cannabisconnection.ca/wp-content/uploads/elementor/css/post-6855419b.css]
[cannabisconnection.ca/wp-json/wp/v2/posts/6855.json]
[cannabisconnection.ca/wp-content/uploads/2024/10/IMG_2209_LIBERTY_HAZE-scaled.jpg]
[cannabisconnection.ca/cannabis/best-cannabis-strains-in-the-fraser-valley-a-quick-guide/index.html]
[cannabisconnection.ca/index3295.html]
[cannabisconnection.ca/tag/buy-cbd-in-chilliwack/index.html]
[cannabisconnection.ca/wp-json/wp/v2/tags/74.json]
[cannabisconnection.ca/tag/buy-cbd-in-chilliwack/feed/index.html]
[cannabisconnection.ca/tag/cannabis-near-me/index.html]
[cannabisconnection.ca/wp-json/wp/v2/tags/50.json]
[cannabisconnection.ca/tag/cannabis-near-me/feed/index.html]
[cannabisconnection.ca/tag/cbd-oil-chilliwack/index.html]
[cannabisconnection.ca/wp-json/wp/v2/tags/72.json]
[cannabisconnection.ca/tag/cbd-oil-chilliwack/feed/index.html]
[cannabisconnection.ca/tag/chilliwack-cbd/index.html]
[cannabisconnection.ca/wp-json/wp/v2/tags/71.json]
[cannabisconnection.ca/tag/chilliwack-cbd/feed/index.html]
[cannabisconnection.ca/tag/chilliwack-dispensary/index.html]
[cannabisconnection.ca/index0d20.html]
[cannabisconnection.ca/index46e2.html]
[cannabisconnection.ca/wp-json/wp/v2/tags/73.json]
[cannabisconnection.ca/tag/chilliwack-dispensary/feed/index.html]
[cannabisconnection.ca/wp-json/oembed/1.0/embeddc9e.json]
[cannabisconnection.ca/wp-json/oembed/1.0/embedc2a9]
[cannabisconnection.ca/wp-content/uploads/elementor/css/post-6854a12b.css]
[cannabisconnection.ca/cannabis/a-quick-guide-to-cannabis-infused-beverages-in-british-columbia-5/index.html]
[cannabisconnection.ca/wp-json/wp/v2/posts/6854.json]
[cannabisconnection.ca/wp-json/oembed/1.0/embed37ae.json]
[cannabisconnection.ca/wp-json/oembed/1.0/embedb049]
[cannabisconnection.ca/wp-content/uploads/elementor/css/post-1806595.css]
[cannabisconnection.ca/cannabis/a-quick-guide-to-cannabis-infused-beverages-in-british-columbia/index.html]
[cannabisconnection.ca/wp-content/uploads/elementor/css/custom-widget-image-gallery.min7258.css]
[cannabisconnection.ca/wp-content/uploads/elementor/css/post-74917814.css]
[cannabisconnection.ca/index1367.html]
[cannabisconnection.ca/wp-content/uploads/elementor/css/post-74732ea4.css]
[cannabisconnection.ca/index5b66.html]
[cannabisconnection.ca/wp-content/uploads/elementor/css/post-7618adef.css]
[cannabisconnection.ca/index293c.html]
[cannabisconnection.ca/wp-json/wp/v2/posts/180.json]
[cannabisconnection.ca/tag/chilliwack-hemp/index.html]
[cannabisconnection.ca/wp-json/wp/v2/tags/61.json]
[cannabisconnection.ca/tag/chilliwack-hemp/feed/index.html]
[cannabisconnection.ca/tag/hemp-food/index.html]
[cannabisconnection.ca/wp-json/wp/v2/tags/65.json]
[cannabisconnection.ca/tag/hemp-food/feed/index.html]
[cannabisconnection.ca/tag/hemp-hearts-chilliwack/index.html]
[cannabisconnection.ca/wp-json/wp/v2/tags/63.json]
[cannabisconnection.ca/tag/hemp-hearts-chilliwack/feed/index.html]
[cannabisconnection.ca/tag/hemp-products-chilliwack/index.html]
[cannabisconnection.ca/wp-json/wp/v2/tags/62.json]
[cannabisconnection.ca/tag/hemp-products-chilliwack/feed/index.html]
[cannabisconnection.ca/tag/hemp-seed-oil-chilliwack/index.html]
[cannabisconnection.ca/wp-json/wp/v2/tags/66.json]
[cannabisconnection.ca/tag/hemp-seed-oil-chilliwack/feed/index.html]
[cannabisconnection.ca/tag/hemp-seeds-chilliwack/index.html]
[cannabisconnection.ca/wp-json/wp/v2/tags/67.json]
[cannabisconnection.ca/tag/hemp-seeds-chilliwack/feed/index.html]
[cannabisconnection.ca/tag/hemp-skincare/index.html]
[cannabisconnection.ca/index0e7c.html]
[cannabisconnection.ca/wp-json/wp/v2/tags/64.json]
[cannabisconnection.ca/tag/hemp-skincare/feed/index.html]
[cannabisconnection.ca/tag/best-dispensary-chilliwack/index.html]
[cannabisconnection.ca/indexebd7.html]
[cannabisconnection.ca/index9a31.html]
[cannabisconnection.ca/wp-json/wp/v2/tags/51.json]
[cannabisconnection.ca/tag/best-dispensary-chilliwack/feed/index.html]
[cannabisconnection.ca/tag/chilliwack-dispensary-cannabis-flower/index.html]
[cannabisconnection.ca/indexb645.html]
[cannabisconnection.ca/wp-content/uploads/elementor/css/post-7599e752.css]
[cannabisconnection.ca/index768b.html]
[cannabisconnection.ca/wp-json/wp/v2/tags/41.json]
[cannabisconnection.ca/tag/chilliwack-dispensary-cannabis-flower/feed/index.html]
[cannabisconnection.ca/tag/buy-cannabis-chilliwack/index.html]
[cannabisconnection.ca/wp-json/wp/v2/tags/55.json]
[cannabisconnection.ca/tag/buy-cannabis-chilliwack/feed/index.html]
[cannabisconnection.ca/tag/calming-cannabis-strains-chilliwack/index.html]
[cannabisconnection.ca/wp-json/wp/v2/tags/58.json]
[cannabisconnection.ca/tag/calming-cannabis-strains-chilliwack/feed/index.html]
[cannabisconnection.ca/tag/cannabis-topicals-chilliwack/index.html]
[cannabisconnection.ca/wp-json/wp/v2/tags/53.json]
[cannabisconnection.ca/tag/cannabis-topicals-chilliwack/feed/index.html]
[cannabisconnection.ca/tag/cbd-oils-chilliwack/index.html]
[cannabisconnection.ca/wp-json/wp/v2/tags/56.json]
[cannabisconnection.ca/tag/cbd-oils-chilliwack/feed/index.html]
[cannabisconnection.ca/tag/chilliwack-cannabis-self-care/index.html]
[cannabisconnection.ca/wp-json/wp/v2/tags/57.json]
[cannabisconnection.ca/tag/chilliwack-cannabis-self-care/feed/index.html]
[cannabisconnection.ca/tag/chilliwack-cannabis-store/index.html]
[cannabisconnection.ca/wp-content/uploads/elementor/css/post-7575fd9a.css]
[cannabisconnection.ca/index4732.html]
[cannabisconnection.ca/wp-json/wp/v2/tags/54.json]
[cannabisconnection.ca/tag/chilliwack-cannabis-store/feed/index.html]
[cannabisconnection.ca/tag/cannabis-connection/index.html]
[cannabisconnection.ca/wp-json/wp/v2/tags/48.json]
[cannabisconnection.ca/tag/cannabis-connection/feed/index.html]
[cannabisconnection.ca/tag/interactive-shopping-experience/index.html]
[cannabisconnection.ca/index9824.html]
[cannabisconnection.ca/wp-content/uploads/elementor/css/post-6857377e.css]
[cannabisconnection.ca/indexd00e.html]
[cannabisconnection.ca/wp-content/uploads/elementor/css/post-6856f27a.css]
[cannabisconnection.ca/indexc381.html]
[cannabisconnection.ca/wp-content/uploads/elementor/css/post-6855419b.css]
[cannabisconnection.ca/index45d0.html]
[cannabisconnection.ca/wp-content/uploads/elementor/css/post-6854a12b.css]
[cannabisconnection.ca/index9e6d.html]
[cannabisconnection.ca/wp-content/uploads/elementor/css/post-1806595.css]
[cannabisconnection.ca/index2586.html]
[cannabisconnection.ca/wp-json/wp/v2/tags/52.json]
[cannabisconnection.ca/tag/interactive-shopping-experience/feed/index.html]
